at_proc.c:451:5:AirKissConnect	16	static
at_proc.c:470:5:RecvDataPars	32	static
at_proc.c:18:6:Set_WIFI_DATA	16	static
at_proc.c:24:6:Get_WIFI_DATA	16	static
at_proc.c:30:6:init_U2_data	0	static
at_proc.c:34:6:input_U2_data	0	static
at_proc.c:60:6:Init_Queue	0	static
at_proc.c:64:9:Queue_Full	0	static
at_proc.c:78:10:Queue_Empty	0	static
at_proc.c:85:6:EnQueue	16	static
at_proc.c:95:9:DeQueue	8	static
at_proc.c:289:5:Recv_Proc.part.3	536	static
at_proc.c:107:9:delay_count	8	static
at_proc.c:123:9:match_ok	0	static
at_proc.c:135:9:match_wificon	16	static
at_proc.c:148:9:match_str	24	static
at_proc.c:234:5:AT_CMD_Proc.part.2	536	static
at_proc.c:161:5:Check_init	120	static
at_proc.c:194:5:AT_CMD_send	272	static
at_proc.c:234:5:AT_CMD_Proc	32	static
at_proc.c:289:5:Recv_Proc	8	static
at_proc.c:327:5:AT_Connect_Proc	32	static
at_proc.c:351:5:AT_SEND_Proc	136	static
at_proc.c:370:5:AT_AirKiss_Proc	32	static
at_proc.c:415:5:data_Proc	56	static
at_proc.c:40:9:U2_flag	16	static
at_proc.c:506:9:U2_test	16	static
at_proc.c:528:6:USART1_UART_change	8	static
